<html><head><meta charset="utf-8"><style>element.style {
     width: 27em;
 }
 .infobox {
     border: 1px solid #a2a9b1;
     background: #f8f9fa;
     margin-bottom: 0.5em;
     margin-left: 1em;
     padding: 0.4em;
     float: left;
     clear: right;
     font-size: 90%;
     width: 23em;
     vertical-align: middle;
     text-align: left;
     line-height: 1.5em;
     border-collapse: separate;
     border-spacing: 2px;
 }
 .infobox-header {
     background: #dcebff;
     text-align: center;
 }
 .infobox-below {
     background: #dcebff;
     text-align: center;
 }
 .infobox-above {
     background: #dcebff;
     text-align: center;
 }
 infobox .infobox-header, .infobox .infobox-subheader, .infobox .infobox-image, .infobox .infobox-full-data, .infobox .infobox-below {
     text-align: center;
 }
 table {
     font-size: 100%;
 }
 user agent stylesheet
 table {
     display: table;
     border-collapse: separate;
     box-sizing: border-box;
     text-indent: initial;
     border-spacing: 2px;
     border-color: grey;
 }
 .mw-content-ltr {
     direction: ltr;
 }
 .vector-body {
     font-size: 0.875em;
     font-size: calc(1em * 0.875);
     line-height: 1.6;
 }
 .mw-body, .parsoid-body {
     background-color: #ffffff;
     color: #202122;
     direction: ltr;
     padding: 1em;
 }
 html, body {
     font-family: sans-serif;
 }
 html {
     font-size: 100%;
 
 }</style></head><body><table class="infobox infobox-6ad64a35b3e5e840" data-name="Музыкант" style=""><tbody><tr><th class="infobox-above" colspan="2" scope="colgroup" style="">Элла Фицджеральд</th></tr><tr><td class="" colspan="2" style="text-align:center;"><span class="no-wikidata" data-wikidata-property-id="P1559">Ella Fitzgerald</span></td></tr><tr><td class="infobox-image" colspan="2" style=""> <span class="no-wikidata" data-wikidata-property-id="P18"><a class="image" href="/wiki/%D0%A4%D0%B0%D0%B9%D0%BB:Ella_Fitzgerald_1968.jpg" title="Элла Фицджеральд в 1968 году"><img alt="Элла Фицджеральд в 1968 году" data-file-height="810" data-file-width="687" decoding="async" height="323" src="//upload.wikimedia.org/wikipedia/commons/thumb/7/73/Ella_Fitzgerald_1968.jpg/274px-Ella_Fitzgerald_1968.jpg" srcset="//upload.wikimedia.org/wikipedia/commons/thumb/7/73/Ella_Fitzgerald_1968.jpg/411px-Ella_Fitzgerald_1968.jpg 1.5x, //upload.wikimedia.org/wikipedia/commons/thumb/7/73/Ella_Fitzgerald_1968.jpg/548px-Ella_Fitzgerald_1968.jpg 2x" width="274"/></a><br/><span class="media-caption" data-wikidata-qualifier-id="P2096" style="display:block">Элла Фицджеральд в 1968 году</span></span> </td></tr>
<tr>
<th class="infobox-header" colspan="2" scope="colgroup" style="">Основная информация</th>
</tr>
<tr>
<th class="plainlist" scope="row">Имя при рождении</th>
<td class="plainlist">
<span class="wikidata-claim" data-wikidata-claim-id="Q1768$bcf90a07-4a34-6af9-9c40-e02fa2d5c2f2" data-wikidata-property-id="P1477"><span class="wikidata-snak wikidata-main-snak"><a href="/wiki/%D0%90%D0%BD%D0%B3%D0%BB%D0%B8%D0%B9%D1%81%D0%BA%D0%B8%D0%B9_%D1%8F%D0%B7%D1%8B%D0%BA" title="Английский язык">англ.</a> <span lang="en" style="font-style:italic;">Ella Jane Fitzgerald</span></span></span></td>
</tr>
<tr>
<th class="plainlist" scope="row">Полное имя</th>
<td class="plainlist">
Элла Джейн Фицджеральд</td>
</tr>
<tr>
<th class="plainlist" scope="row">Дата рождения</th>
<td class="plainlist">
<span class="no-wikidata" data-wikidata-property-id="P569"><a href="/wiki/25_%D0%B0%D0%BF%D1%80%D0%B5%D0%BB%D1%8F" title="25 апреля">25 апреля</a> <a href="/wiki/1917_%D0%B3%D0%BE%D0%B4" title="1917 год">1917</a></span><span style="display:none">(<span class="bday">1917-04-25</span>)</span></td>
</tr>
<tr>
<th class="plainlist" scope="row">Место рождения</th>
<td class="plainlist">
<span class="no-wikidata" data-wikidata-property-id="P19"><a href="/wiki/%D0%9D%D1%8C%D1%8E%D0%BF%D0%BE%D1%80%D1%82-%D0%9D%D1%8C%D1%8E%D1%81" title="Ньюпорт-Ньюс">Ньюпорт-Ньюс</a>, <a href="/wiki/%D0%92%D0%B8%D1%80%D0%B3%D0%B8%D0%BD%D0%B8%D1%8F" title="Виргиния">Виргиния</a>, <a href="/wiki/%D0%A1%D0%BE%D0%B5%D0%B4%D0%B8%D0%BD%D1%91%D0%BD%D0%BD%D1%8B%D0%B5_%D0%A8%D1%82%D0%B0%D1%82%D1%8B_%D0%90%D0%BC%D0%B5%D1%80%D0%B8%D0%BA%D0%B8" title="Соединённые Штаты Америки">США</a></span></td>
</tr>
<tr>
<th class="plainlist" scope="row">Дата смерти</th>
<td class="plainlist">
<span class="no-wikidata" data-wikidata-property-id="P570"><a href="/wiki/15_%D0%B8%D1%8E%D0%BD%D1%8F" title="15 июня">15 июня</a> <a href="/wiki/1996_%D0%B3%D0%BE%D0%B4" title="1996 год">1996</a></span><span style="display:none">(<span class="dday">1996-06-15</span>)</span> <span class="nowrap">(79 лет)</span></td>
</tr>
<tr>
<th class="plainlist" scope="row">Место смерти</th>
<td class="plainlist">
<span class="no-wikidata" data-wikidata-property-id="P20"><a href="/wiki/%D0%91%D0%B5%D0%B2%D0%B5%D1%80%D0%BB%D0%B8-%D0%A5%D0%B8%D0%BB%D0%BB%D0%B7" title="Беверли-Хиллз">Беверли-Хиллз</a>, <a href="/wiki/%D0%9A%D0%B0%D0%BB%D0%B8%D1%84%D0%BE%D1%80%D0%BD%D0%B8%D1%8F" title="Калифорния">Калифорния</a>, США</span></td>
</tr>
<tr>
<th class="plainlist" scope="row">Похоронена</th>
<td class="plainlist">
<ul><li><span class="wikidata-claim" data-wikidata-claim-id="q1768$5D9B07F8-1B01-4003-B81D-0AC3F42117AF" data-wikidata-property-id="P119"><span class="wikidata-snak wikidata-main-snak"><a href="/wiki/%D0%98%D0%BD%D0%B3%D0%BB%D0%B2%D1%83%D0%B4-%D0%9F%D0%B0%D1%80%D0%BA" title="Инглвуд-Парк">Инглвуд-Парк</a></span></span></li></ul></td>
</tr>
<tr>
<th class="plainlist" scope="row">Страна</th>
<td class="plainlist">
<ul><li><span class="wikidata-claim" data-wikidata-claim-id="q1768$3558e84c-4a36-129e-374a-132a8d457d0a" data-wikidata-property-id="P27"><img alt="" class="thumbborder" data-file-height="650" data-file-width="1235" decoding="async" height="11" src="//upload.wikimedia.org/wikipedia/commons/thumb/a/a4/Flag_of_the_United_States.svg/20px-Flag_of_the_United_States.svg.png" srcset="//upload.wikimedia.org/wikipedia/commons/thumb/a/a4/Flag_of_the_United_States.svg/30px-Flag_of_the_United_States.svg.png 1.5x, //upload.wikimedia.org/wikipedia/commons/thumb/a/a4/Flag_of_the_United_States.svg/40px-Flag_of_the_United_States.svg.png 2x" width="20"/> <span class="country-name"><span class="wikidata-snak wikidata-main-snak"><a href="/wiki/%D0%A1%D0%BE%D0%B5%D0%B4%D0%B8%D0%BD%D1%91%D0%BD%D0%BD%D1%8B%D0%B5_%D0%A8%D1%82%D0%B0%D1%82%D1%8B_%D0%90%D0%BC%D0%B5%D1%80%D0%B8%D0%BA%D0%B8" title="Соединённые Штаты Америки">США</a></span></span></span></li></ul></td>
</tr>
<tr>
<th class="plainlist" scope="row">Профессии</th>
<td class="plainlist">
<div class="no-wikidata" data-wikidata-property-id="P106">
<a href="/wiki/%D0%9F%D0%B5%D0%B2%D0%B5%D1%86" title="Певец">певица</a></div></td>
</tr>
<tr>
<th class="plainlist" scope="row">Годы активности</th>
<td class="plainlist">
<span class="no-wikidata" data-wikidata-property-id="P2031">1934—1993</span></td>
</tr>
<tr>
<th class="plainlist" scope="row">Певческий голос</th>
<td class="plainlist">
<span class="wikidata-claim" data-wikidata-claim-id="Q1768$1383EF8A-824A-4D9A-B8C4-0DA43C5EED7C" data-wikidata-property-id="P412"><span class="wikidata-snak wikidata-main-snak"><a href="/wiki/%D0%9C%D0%B5%D1%86%D1%86%D0%BE-%D1%81%D0%BE%D0%BF%D1%80%D0%B0%D0%BD%D0%BE" title="Меццо-сопрано">меццо-сопрано</a></span></span></td>
</tr>
<tr>
<th class="plainlist" scope="row">Инструменты</th>
<td class="plainlist">
<span class="wikidata-claim" data-wikidata-claim-id="Q1768$17514D10-89D2-4690-A9FA-6FAFDBB81F2B" data-wikidata-property-id="P1303[!Q17172850]"><span class="wikidata-snak wikidata-main-snak"><a href="/wiki/%D0%A4%D0%BE%D1%80%D1%82%D0%B5%D0%BF%D0%B8%D0%B0%D0%BD%D0%BE" title="Фортепиано">фортепиано</a></span></span></td>
</tr>
<tr>
<th class="plainlist" scope="row">Жанры</th>
<td class="plainlist">
<span class="no-wikidata" data-wikidata-property-id="P136"><a href="/wiki/%D0%94%D0%B6%D0%B0%D0%B7" title="Джаз">Джаз</a>, <a class="mw-redirect" href="/wiki/%D0%A1%D0%B2%D0%B8%D0%BD%D0%B3_(%D0%B6%D0%B0%D0%BD%D1%80)" title="Свинг (жанр)">свинг</a>, <a href="/wiki/%D0%A2%D1%80%D0%B0%D0%B4%D0%B8%D1%86%D0%B8%D0%BE%D0%BD%D0%BD%D0%B0%D1%8F_%D0%BF%D0%BE%D0%BF-%D0%BC%D1%83%D0%B7%D1%8B%D0%BA%D0%B0" title="Традиционная поп-музыка">традиционная поп-музыка</a></span></td>
</tr>
<tr>
<th class="plainlist" scope="row">Псевдонимы</th>
<td class="plainlist">
<span class="no-wikidata" data-wikidata-property-id="P742">«Леди Элла», «Первая леди джаза»</span></td>
</tr>
<tr>
<th class="plainlist" scope="row">Лейблы</th>
<td class="plainlist">
<span class="no-wikidata" data-wikidata-property-id="P264"><a href="/wiki/Decca_Records" title="Decca Records">Decca Records</a>, <a href="/wiki/Verve_Records" title="Verve Records">Verve Records</a></span></td>
</tr>
<tr>
<th class="plainlist" scope="row">Награды</th>
<td class="plainlist">
<div class="no-wikidata" data-wikidata-property-id="P166">
<style data-mw-deduplicate="TemplateStyles:r117420385">.mw-parser-output .ts-Ряд{width:auto;border-collapse:collapse}.mw-parser-output .ts-Ряд td{padding-right:2px;padding-left:2px;text-align:center}.mw-parser-output .ts-Ряд td:first-child{padding-left:0;text-align:left}.mw-parser-output .ts-Ряд td:last-child{padding-right:0;text-align:right}.mw-parser-output .ts-Ряд.pull-left{}.mw-parser-output .ts-Ряд.pull-center{margin:0 auto!important}.mw-parser-output .ts-Ряд.pull-right{clear:right;margin:0 0 0 auto!important}.mw-parser-output .ts-Ряд.pull-justify{width:100%}body.skin-minerva .mw-parser-output .ts-Ряд{display:table}body.skin-minerva .mw-parser-output .ts-Ряд td{padding:2px}body.skin-minerva .mw-parser-output .ts-Ряд:not(.pull-justify){width:auto!important}</style><table class="infobox-inherit ts-Ряд pull-left" role="presentation"><tbody><tr><td><a href="/wiki/%D0%9F%D1%80%D0%B5%D0%B7%D0%B8%D0%B4%D0%B5%D0%BD%D1%82%D1%81%D0%BA%D0%B0%D1%8F_%D0%BC%D0%B5%D0%B4%D0%B0%D0%BB%D1%8C_%D0%A1%D0%B2%D0%BE%D0%B1%D0%BE%D0%B4%D1%8B" title="Президентская медаль Свободы"><img alt="Presidential Medal of Freedom (ribbon).svg" data-file-height="56" data-file-width="204" decoding="async" height="16" src="//upload.wikimedia.org/wikipedia/commons/thumb/e/ee/Presidential_Medal_of_Freedom_%28ribbon%29.svg/60px-Presidential_Medal_of_Freedom_%28ribbon%29.svg.png" srcset="//upload.wikimedia.org/wikipedia/commons/thumb/e/ee/Presidential_Medal_of_Freedom_%28ribbon%29.svg/90px-Presidential_Medal_of_Freedom_%28ribbon%29.svg.png 1.5x, //upload.wikimedia.org/wikipedia/commons/thumb/e/ee/Presidential_Medal_of_Freedom_%28ribbon%29.svg/120px-Presidential_Medal_of_Freedom_%28ribbon%29.svg.png 2x" width="60"/></a></td><td><a href="/wiki/%D0%9D%D0%B0%D1%86%D0%B8%D0%BE%D0%BD%D0%B0%D0%BB%D1%8C%D0%BD%D0%B0%D1%8F_%D0%BC%D0%B5%D0%B4%D0%B0%D0%BB%D1%8C_%D0%A1%D0%A8%D0%90_%D0%B2_%D0%BE%D0%B1%D0%BB%D0%B0%D1%81%D1%82%D0%B8_%D0%B8%D1%81%D0%BA%D1%83%D1%81%D1%81%D1%82%D0%B2" title="Национальная медаль США в области искусств"><img alt="Order of the Eagle of Georgia - ribbon bar.png" data-file-height="60" data-file-width="218" decoding="async" height="17" src="//upload.wikimedia.org/wikipedia/commons/thumb/2/22/Order_of_the_Eagle_of_Georgia_-_ribbon_bar.png/60px-Order_of_the_Eagle_of_Georgia_-_ribbon_bar.png" srcset="//upload.wikimedia.org/wikipedia/commons/thumb/2/22/Order_of_the_Eagle_of_Georgia_-_ribbon_bar.png/90px-Order_of_the_Eagle_of_Georgia_-_ribbon_bar.png 1.5x, //upload.wikimedia.org/wikipedia/commons/thumb/2/22/Order_of_the_Eagle_of_Georgia_-_ribbon_bar.png/120px-Order_of_the_Eagle_of_Georgia_-_ribbon_bar.png 2x" width="60"/></a></td>
</tr></tbody></table>
<link href="mw-data:TemplateStyles:r117420385" rel="mw-deduplicated-inline-style"/><table class="infobox-inherit ts-Ряд pull-left" role="presentation"><tbody><tr><td><a href="/wiki/%D0%9A%D0%B0%D0%B2%D0%B0%D0%BB%D0%B5%D1%80_%D0%BE%D1%80%D0%B4%D0%B5%D0%BD%D0%B0_%D0%98%D1%81%D0%BA%D1%83%D1%81%D1%81%D1%82%D0%B2_%D0%B8_%D0%BB%D0%B8%D1%82%D0%B5%D1%80%D0%B0%D1%82%D1%83%D1%80%D1%8B" title="Кавалер ордена Искусств и литературы (Франция)"><img alt="Кавалер ордена Искусств и литературы (Франция)" data-file-height="60" data-file-width="218" decoding="async" height="17" src="//upload.wikimedia.org/wikipedia/commons/thumb/6/6a/Ordre_des_Arts_et_des_Lettres_Chevalier_ribbon.svg/60px-Ordre_des_Arts_et_des_Lettres_Chevalier_ribbon.svg.png" srcset="//upload.wikimedia.org/wikipedia/commons/thumb/6/6a/Ordre_des_Arts_et_des_Lettres_Chevalier_ribbon.svg/90px-Ordre_des_Arts_et_des_Lettres_Chevalier_ribbon.svg.png 1.5x, //upload.wikimedia.org/wikipedia/commons/thumb/6/6a/Ordre_des_Arts_et_des_Lettres_Chevalier_ribbon.svg/120px-Ordre_des_Arts_et_des_Lettres_Chevalier_ribbon.svg.png 2x" width="60"/></a></td><td><a href="/wiki/%D0%9F%D1%80%D0%B5%D0%BC%D0%B8%D1%8F_%D0%A6%D0%B5%D0%BD%D1%82%D1%80%D0%B0_%D0%9A%D0%B5%D0%BD%D0%BD%D0%B5%D0%B4%D0%B8" title="Премия Центра Кеннеди"><img alt="Kennedy Center Ribbon.png" data-file-height="90" data-file-width="300" decoding="async" height="17" src="//upload.wikimedia.org/wikipedia/commons/thumb/9/98/Kennedy_Center_Ribbon.png/58px-Kennedy_Center_Ribbon.png" srcset="//upload.wikimedia.org/wikipedia/commons/thumb/9/98/Kennedy_Center_Ribbon.png/87px-Kennedy_Center_Ribbon.png 1.5x, //upload.wikimedia.org/wikipedia/commons/thumb/9/98/Kennedy_Center_Ribbon.png/116px-Kennedy_Center_Ribbon.png 2x" width="58"/></a></td>
</tr></tbody></table></div></td>
</tr><tr><td class="infobox-below" colspan="2" style=";font-weight:bold;"><span class="no-wikidata" data-wikidata-property-id="P856"><a class="external text" href="http://ellafitzgerald.com" rel="nofollow">ellafitzgerald.com</a></span></td></tr><tr><td class="infobox-below" colspan="2" style=";"><span class="wikidata-claim" data-wikidata-claim-id="q1768$720267C9-CA4B-4EC8-9BC4-3775C5A7CABE" data-wikidata-property-id="P373"><span class="wikidata-snak wikidata-main-snak"><a href="https://commons.wikimedia.org/wiki/Category:Ella_Fitzgerald" title="commons:Category:Ella Fitzgerald"><img alt="Логотип Викисклада" data-file-height="1376" data-file-width="1024" decoding="async" height="20" src="//upload.wikimedia.org/wikipedia/commons/thumb/4/4a/Commons-logo.svg/15px-Commons-logo.svg.png" srcset="//upload.wikimedia.org/wikipedia/commons/thumb/4/4a/Commons-logo.svg/23px-Commons-logo.svg.png 1.5x, //upload.wikimedia.org/wikipedia/commons/thumb/4/4a/Commons-logo.svg/30px-Commons-logo.svg.png 2x" width="15"/></a> <a class="extiw" href="https://commons.wikimedia.org/wiki/Category:Ella_Fitzgerald" title="commons:Category:Ella Fitzgerald">Медиафайлы на Викискладе</a></span></span></td></tr>
</tbody></table></body></html>