<html><head><meta charset="utf-8"><style>element.style {
     width: 27em;
 }
 .infobox {
     border: 1px solid #a2a9b1;
     background: #f8f9fa;
     margin-bottom: 0.5em;
     margin-left: 1em;
     padding: 0.4em;
     float: left;
     clear: right;
     font-size: 90%;
     width: 23em;
     vertical-align: middle;
     text-align: left;
     line-height: 1.5em;
     border-collapse: separate;
     border-spacing: 2px;
 }
 .infobox-header {
     background: #dcebff;
     text-align: center;
 }
 .infobox-below {
     background: #dcebff;
     text-align: center;
 }
 .infobox-above {
     background: #dcebff;
     text-align: center;
 }
 infobox .infobox-header, .infobox .infobox-subheader, .infobox .infobox-image, .infobox .infobox-full-data, .infobox .infobox-below {
     text-align: center;
 }
 table {
     font-size: 100%;
 }
 user agent stylesheet
 table {
     display: table;
     border-collapse: separate;
     box-sizing: border-box;
     text-indent: initial;
     border-spacing: 2px;
     border-color: grey;
 }
 .mw-content-ltr {
     direction: ltr;
 }
 .vector-body {
     font-size: 0.875em;
     font-size: calc(1em * 0.875);
     line-height: 1.6;
 }
 .mw-body, .parsoid-body {
     background-color: #ffffff;
     color: #202122;
     direction: ltr;
     padding: 1em;
 }
 html, body {
     font-family: sans-serif;
 }
 html {
     font-size: 100%;
 
 }</style></head><body><table class="infobox infobox-51e247010b3efee6" data-name="Писатель" style=""><tbody><tr><th class="infobox-above" colspan="2" scope="colgroup" style="">Фёдор Михайлович Достоевский</th></tr><tr><td class="infobox-image" colspan="2" style=""> <span class="no-wikidata" data-wikidata-property-id="P18"><a class="image" href="/wiki/%D0%A4%D0%B0%D0%B9%D0%BB:Vasily_Perov_-_%D0%9F%D0%BE%D1%80%D1%82%D1%80%D0%B5%D1%82_%D0%A4.%D0%9C.%D0%94%D0%BE%D1%81%D1%82%D0%BE%D0%B5%D0%B2%D1%81%D0%BA%D0%BE%D0%B3%D0%BE_-_Google_Art_Project.jpg" title="Портрет работы В. Г. Перова, 1872"><img alt="Портрет работы В. Г. Перова, 1872" data-file-height="4000" data-file-width="3200" decoding="async" height="343" src="//upload.wikimedia.org/wikipedia/commons/thumb/7/78/Vasily_Perov_-_%D0%9F%D0%BE%D1%80%D1%82%D1%80%D0%B5%D1%82_%D0%A4.%D0%9C.%D0%94%D0%BE%D1%81%D1%82%D0%BE%D0%B5%D0%B2%D1%81%D0%BA%D0%BE%D0%B3%D0%BE_-_Google_Art_Project.jpg/274px-Vasily_Perov_-_%D0%9F%D0%BE%D1%80%D1%82%D1%80%D0%B5%D1%82_%D0%A4.%D0%9C.%D0%94%D0%BE%D1%81%D1%82%D0%BE%D0%B5%D0%B2%D1%81%D0%BA%D0%BE%D0%B3%D0%BE_-_Google_Art_Project.jpg" srcset="//upload.wikimedia.org/wikipedia/commons/thumb/7/78/Vasily_Perov_-_%D0%9F%D0%BE%D1%80%D1%82%D1%80%D0%B5%D1%82_%D0%A4.%D0%9C.%D0%94%D0%BE%D1%81%D1%82%D0%BE%D0%B5%D0%B2%D1%81%D0%BA%D0%BE%D0%B3%D0%BE_-_Google_Art_Project.jpg/411px-Vasily_Perov_-_%D0%9F%D0%BE%D1%80%D1%82%D1%80%D0%B5%D1%82_%D0%A4.%D0%9C.%D0%94%D0%BE%D1%81%D1%82%D0%BE%D0%B5%D0%B2%D1%81%D0%BA%D0%BE%D0%B3%D0%BE_-_Google_Art_Project.jpg 1.5x, //upload.wikimedia.org/wikipedia/commons/thumb/7/78/Vasily_Perov_-_%D0%9F%D0%BE%D1%80%D1%82%D1%80%D0%B5%D1%82_%D0%A4.%D0%9C.%D0%94%D0%BE%D1%81%D1%82%D0%BE%D0%B5%D0%B2%D1%81%D0%BA%D0%BE%D0%B3%D0%BE_-_Google_Art_Project.jpg/548px-Vasily_Perov_-_%D0%9F%D0%BE%D1%80%D1%82%D1%80%D0%B5%D1%82_%D0%A4.%D0%9C.%D0%94%D0%BE%D1%81%D1%82%D0%BE%D0%B5%D0%B2%D1%81%D0%BA%D0%BE%D0%B3%D0%BE_-_Google_Art_Project.jpg 2x" width="274"/></a><br/><span class="media-caption" data-wikidata-qualifier-id="P2096" style="display:block">Портрет работы <a href="/wiki/%D0%9F%D0%B5%D1%80%D0%BE%D0%B2,_%D0%92%D0%B0%D1%81%D0%B8%D0%BB%D0%B8%D0%B9_%D0%93%D1%80%D0%B8%D0%B3%D0%BE%D1%80%D1%8C%D0%B5%D0%B2%D0%B8%D1%87" title="Перов, Василий Григорьевич">В. Г. Перова</a>, 1872</span></span> </td></tr>
<tr>
<th class="plainlist" scope="row" style="min-width:9em;">Псевдонимы</th>
<td class="plainlist">
<span class="no-wikidata" data-wikidata-property-id="P742">Д.; Друг Козьмы Пруткова; Зубоскал; —ий, М.; Летописец; М-ий; Н. Н.; Пружинин, Зубоскалов, Белопяткин и К° [коллективный]; Ред.; Ф. Д.; N.N.<sup class="reference" id="cite_ref-Masanov_1-0"><a href="#cite_note-Masanov-1">[1]</a></sup></span></td>
</tr>
<tr>
<th class="plainlist" scope="row" style="min-width:9em;">Дата рождения</th>
<td class="plainlist">
<span class="no-wikidata" data-wikidata-property-id="P569"><abbr title="по юлианскому календарю">30 октября</abbr> [<a href="/wiki/11_%D0%BD%D0%BE%D1%8F%D0%B1%D1%80%D1%8F" title="11 ноября">11 ноября</a>] <a href="/wiki/1821_%D0%B3%D0%BE%D0%B4" title="1821 год">1821</a></span></td>
</tr>
<tr>
<th class="plainlist" scope="row" style="min-width:9em;">Место рождения</th>
<td class="plainlist">
<span class="no-wikidata" data-wikidata-property-id="P19"><a href="/wiki/%D0%9C%D0%BE%D1%81%D0%BA%D0%B2%D0%B0" title="Москва">Москва</a>, <a href="/wiki/%D0%A0%D0%BE%D1%81%D1%81%D0%B8%D0%B9%D1%81%D0%BA%D0%B0%D1%8F_%D0%B8%D0%BC%D0%BF%D0%B5%D1%80%D0%B8%D1%8F" title="Российская империя">Российская империя</a></span></td>
</tr>
<tr>
<th class="plainlist" scope="row" style="min-width:9em;">Дата смерти</th>
<td class="plainlist">
<span class="no-wikidata" data-wikidata-property-id="P570"><abbr title="по юлианскому календарю">28 января</abbr> [<a href="/wiki/9_%D1%84%D0%B5%D0%B2%D1%80%D0%B0%D0%BB%D1%8F" title="9 февраля">9 февраля</a>] <a href="/wiki/1881_%D0%B3%D0%BE%D0%B4" title="1881 год">1881</a></span></td>
</tr>
<tr>
<th class="plainlist" scope="row" style="min-width:9em;">Место смерти</th>
<td class="plainlist">
<span class="no-wikidata" data-wikidata-property-id="P20"><a href="/wiki/%D0%A1%D0%B0%D0%BD%D0%BA%D1%82-%D0%9F%D0%B5%D1%82%D0%B5%D1%80%D0%B1%D1%83%D1%80%D0%B3" title="Санкт-Петербург">Санкт-Петербург</a>, <a href="/wiki/%D0%A0%D0%BE%D1%81%D1%81%D0%B8%D0%B9%D1%81%D0%BA%D0%B0%D1%8F_%D0%B8%D0%BC%D0%BF%D0%B5%D1%80%D0%B8%D1%8F" title="Российская империя">Российская империя</a></span></td>
</tr>
<tr>
<th class="plainlist" scope="row" style="min-width:9em;">Гражданство (подданство)</th>
<td class="plainlist">
<span class="no-wikidata" data-wikidata-property-id="P27"><span class="nowrap" data-sort-value="Российская империя"><span class="flagicon"><img alt="" class="thumbborder" data-file-height="600" data-file-width="900" decoding="async" height="15" src="//upload.wikimedia.org/wikipedia/commons/thumb/f/f3/Flag_of_Russia.svg/22px-Flag_of_Russia.svg.png" srcset="//upload.wikimedia.org/wikipedia/commons/thumb/f/f3/Flag_of_Russia.svg/33px-Flag_of_Russia.svg.png 1.5x, //upload.wikimedia.org/wikipedia/commons/thumb/f/f3/Flag_of_Russia.svg/44px-Flag_of_Russia.svg.png 2x" width="22"/></span> <a href="/wiki/%D0%A0%D0%BE%D1%81%D1%81%D0%B8%D0%B9%D1%81%D0%BA%D0%B0%D1%8F_%D0%B8%D0%BC%D0%BF%D0%B5%D1%80%D0%B8%D1%8F" title="Российская империя"><span class="wrap">Российская империя</span></a></span></span></td>
</tr>
<tr>
<th class="plainlist" scope="row" style="min-width:9em;">Род деятельности</th>
<td class="plainlist">
<div class="no-wikidata" data-wikidata-property-id="P106">
<a class="mw-redirect" href="/wiki/%D0%9F%D1%80%D0%BE%D0%B7%D0%B0%D0%B8%D0%BA" title="Прозаик">прозаик</a>, <a href="/wiki/%D0%9F%D0%B5%D1%80%D0%B5%D0%B2%D0%BE%D0%B4%D1%87%D0%B8%D0%BA" title="Переводчик">переводчик</a>, <a href="/wiki/%D0%A4%D0%B8%D0%BB%D0%BE%D1%81%D0%BE%D1%84" title="Философ">философ</a></div></td>
</tr>
<tr>
<th class="plainlist" scope="row" style="min-width:9em;">Годы творчества</th>
<td class="plainlist">
<span class="no-wikidata" data-wikidata-property-id="P2031"><a href="/wiki/1844_%D0%B3%D0%BE%D0%B4_%D0%B2_%D0%BB%D0%B8%D1%82%D0%B5%D1%80%D0%B0%D1%82%D1%83%D1%80%D0%B5" title="1844 год в литературе">1844</a>—<a href="/wiki/1880_%D0%B3%D0%BE%D0%B4_%D0%B2_%D0%BB%D0%B8%D1%82%D0%B5%D1%80%D0%B0%D1%82%D1%83%D1%80%D0%B5" title="1880 год в литературе">1880</a></span></td>
</tr>
<tr>
<th class="plainlist" scope="row" style="min-width:9em;">Направление</th>
<td class="plainlist">
<a href="/wiki/%D0%A0%D0%B5%D0%B0%D0%BB%D0%B8%D0%B7%D0%BC_(%D0%BB%D0%B8%D1%82%D0%B5%D1%80%D0%B0%D1%82%D1%83%D1%80%D0%B0)" title="Реализм (литература)">реализм</a></td>
</tr>
<tr>
<th class="plainlist" scope="row" style="min-width:9em;">Язык произведений</th>
<td class="plainlist">
<span class="no-wikidata" data-wikidata-property-id="P6886"><a href="/wiki/%D0%A0%D1%83%D1%81%D1%81%D0%BA%D0%B8%D0%B9_%D1%8F%D0%B7%D1%8B%D0%BA" title="Русский язык">русский</a></span></td>
</tr>
<tr>
<th class="plainlist" scope="row" style="min-width:9em;">Автограф</th>
<td class="plainlist">
<span class="wikidata-claim" data-wikidata-claim-id="q991$20EA6284-84B7-4CF5-9BDF-882C7A220DF4" data-wikidata-property-id="P109"><span class="wikidata-snak wikidata-main-snak"><a class="image" href="/wiki/%D0%A4%D0%B0%D0%B9%D0%BB:Fyodor_Dostoyevsky_Signature.svg"><img alt="Изображение автографа" data-file-height="101" data-file-width="567" decoding="async" height="27" src="//upload.wikimedia.org/wikipedia/commons/thumb/b/bc/Fyodor_Dostoyevsky_Signature.svg/150px-Fyodor_Dostoyevsky_Signature.svg.png" srcset="//upload.wikimedia.org/wikipedia/commons/thumb/b/bc/Fyodor_Dostoyevsky_Signature.svg/225px-Fyodor_Dostoyevsky_Signature.svg.png 1.5x, //upload.wikimedia.org/wikipedia/commons/thumb/b/bc/Fyodor_Dostoyevsky_Signature.svg/300px-Fyodor_Dostoyevsky_Signature.svg.png 2x" width="150"/></a></span></span></td>
</tr>
<tr>
<td class="plainlist" colspan="2" style="text-align:center;">
<span class="wikidata-claim" data-wikidata-claim-id="Q991$932ea111-4e3f-72c4-61cc-2c6b58515737" data-wikidata-property-id="P856"><span class="wikidata-snak wikidata-main-snak"><a class="external text" href="https://fedordostoevsky.ru" rel="nofollow">fedordostoevsky.ru</a>​ <small class="ref-info" style="cursor:help;" title="на русском языке">(рус.)</small></span></span></td>
</tr>
<tr>
<td class="plainlist" colspan="2" style="text-align:center;">
<span style="font-weight:normal"><a class="external text" href="http://az.lib.ru/d/dostoewskij_f_m/" rel="nofollow">Произведения на сайте Lib.ru</a></span></td>
</tr><tr><td class="infobox-below" colspan="2" style=";"><a href="https://ru.wikisource.org/wiki/%D0%A4%D1%91%D0%B4%D0%BE%D1%80_%D0%9C%D0%B8%D1%85%D0%B0%D0%B9%D0%BB%D0%BE%D0%B2%D0%B8%D1%87_%D0%94%D0%BE%D1%81%D1%82%D0%BE%D0%B5%D0%B2%D1%81%D0%BA%D0%B8%D0%B9" title="Логотип Викитеки"><img alt="Логотип Викитеки" data-file-height="430" data-file-width="410" decoding="async" height="16" src="//upload.wikimedia.org/wikipedia/commons/thumb/4/4c/Wikisource-logo.svg/15px-Wikisource-logo.svg.png" srcset="//upload.wikimedia.org/wikipedia/commons/thumb/4/4c/Wikisource-logo.svg/23px-Wikisource-logo.svg.png 1.5x, //upload.wikimedia.org/wikipedia/commons/thumb/4/4c/Wikisource-logo.svg/30px-Wikisource-logo.svg.png 2x" width="15"/></a> <a class="extiw" href="https://ru.wikisource.org/wiki/%D0%A4%D1%91%D0%B4%D0%BE%D1%80_%D0%9C%D0%B8%D1%85%D0%B0%D0%B9%D0%BB%D0%BE%D0%B2%D0%B8%D1%87_%D0%94%D0%BE%D1%81%D1%82%D0%BE%D0%B5%D0%B2%D1%81%D0%BA%D0%B8%D0%B9" title="s:Фёдор Михайлович Достоевский">Произведения в Викитеке</a></td></tr><tr><td class="infobox-below" colspan="2" style=";"><span class="wikidata-claim" data-wikidata-claim-id="q991$97960DA3-6859-4FA6-B636-B075026537A2" data-wikidata-property-id="P373"><span class="wikidata-snak wikidata-main-snak"><a href="https://commons.wikimedia.org/wiki/Category:Fyodor_Dostoyevsky" title="commons:Category:Fyodor Dostoyevsky"><img alt="Логотип Викисклада" data-file-height="1376" data-file-width="1024" decoding="async" height="20" src="//upload.wikimedia.org/wikipedia/commons/thumb/4/4a/Commons-logo.svg/15px-Commons-logo.svg.png" srcset="//upload.wikimedia.org/wikipedia/commons/thumb/4/4a/Commons-logo.svg/23px-Commons-logo.svg.png 1.5x, //upload.wikimedia.org/wikipedia/commons/thumb/4/4a/Commons-logo.svg/30px-Commons-logo.svg.png 2x" width="15"/></a> <a class="extiw" href="https://commons.wikimedia.org/wiki/Category:Fyodor_Dostoyevsky" title="commons:Category:Fyodor Dostoyevsky">Медиафайлы на Викискладе</a></span></span></td></tr><tr><td class="infobox-below" colspan="2" style=";"><a href="https://ru.wikiquote.org/wiki/%D0%A4%D1%91%D0%B4%D0%BE%D1%80_%D0%9C%D0%B8%D1%85%D0%B0%D0%B9%D0%BB%D0%BE%D0%B2%D0%B8%D1%87_%D0%94%D0%BE%D1%81%D1%82%D0%BE%D0%B5%D0%B2%D1%81%D0%BA%D0%B8%D0%B9" title="Логотип Викицитатника"><img alt="Логотип Викицитатника" data-file-height="355" data-file-width="300" decoding="async" height="18" src="//upload.wikimedia.org/wikipedia/commons/thumb/f/fa/Wikiquote-logo.svg/15px-Wikiquote-logo.svg.png" srcset="//upload.wikimedia.org/wikipedia/commons/thumb/f/fa/Wikiquote-logo.svg/23px-Wikiquote-logo.svg.png 1.5x, //upload.wikimedia.org/wikipedia/commons/thumb/f/fa/Wikiquote-logo.svg/30px-Wikiquote-logo.svg.png 2x" width="15"/></a> <a class="extiw" href="https://ru.wikiquote.org/wiki/%D0%A4%D1%91%D0%B4%D0%BE%D1%80_%D0%9C%D0%B8%D1%85%D0%B0%D0%B9%D0%BB%D0%BE%D0%B2%D0%B8%D1%87_%D0%94%D0%BE%D1%81%D1%82%D0%BE%D0%B5%D0%B2%D1%81%D0%BA%D0%B8%D0%B9" title="q:Фёдор Михайлович Достоевский">Цитаты в Викицитатнике</a></td></tr>
</tbody></table></body></html>