<html><head><meta charset="utf-8"><style>element.style {
     width: 27em;
 }
 .infobox {
     border: 1px solid #a2a9b1;
     background: #f8f9fa;
     margin-bottom: 0.5em;
     margin-left: 1em;
     padding: 0.4em;
     float: left;
     clear: right;
     font-size: 90%;
     width: 23em;
     vertical-align: middle;
     text-align: left;
     line-height: 1.5em;
     border-collapse: separate;
     border-spacing: 2px;
 }
 .infobox-header {
     background: #dcebff;
     text-align: center;
 }
 .infobox-below {
     background: #dcebff;
     text-align: center;
 }
 .infobox-above {
     background: #dcebff;
     text-align: center;
 }
 infobox .infobox-header, .infobox .infobox-subheader, .infobox .infobox-image, .infobox .infobox-full-data, .infobox .infobox-below {
     text-align: center;
 }
 table {
     font-size: 100%;
 }
 user agent stylesheet
 table {
     display: table;
     border-collapse: separate;
     box-sizing: border-box;
     text-indent: initial;
     border-spacing: 2px;
     border-color: grey;
 }
 .mw-content-ltr {
     direction: ltr;
 }
 .vector-body {
     font-size: 0.875em;
     font-size: calc(1em * 0.875);
     line-height: 1.6;
 }
 .mw-body, .parsoid-body {
     background-color: #ffffff;
     color: #202122;
     direction: ltr;
     padding: 1em;
 }
 html, body {
     font-family: sans-serif;
 }
 html {
     font-size: 100%;
 
 }</style></head><body><table class="infobox vcard"><tbody><tr><th class="infobox-above" colspan="2" style="font-size:125%;"><div class="fn" style="display:inline;">Fyodor Dostoevsky</div></th></tr><tr><td class="infobox-image" colspan="2"><a class="image" href="/wiki/File:Vasily_Perov_-_%D0%9F%D0%BE%D1%80%D1%82%D1%80%D0%B5%D1%82_%D0%A4.%D0%9C.%D0%94%D0%BE%D1%81%D1%82%D0%BE%D0%B5%D0%B2%D1%81%D0%BA%D0%BE%D0%B3%D0%BE_-_Google_Art_Project.jpg" title="Portrait of Fyodor Dostoyevsky by Vasily Perov c. 1872"><img alt="Portrait of Fyodor Dostoyevsky by Vasily Perov c. 1872" data-file-height="4000" data-file-width="3200" decoding="async" height="300" src="//upload.wikimedia.org/wikipedia/commons/thumb/7/78/Vasily_Perov_-_%D0%9F%D0%BE%D1%80%D1%82%D1%80%D0%B5%D1%82_%D0%A4.%D0%9C.%D0%94%D0%BE%D1%81%D1%82%D0%BE%D0%B5%D0%B2%D1%81%D0%BA%D0%BE%D0%B3%D0%BE_-_Google_Art_Project.jpg/240px-Vasily_Perov_-_%D0%9F%D0%BE%D1%80%D1%82%D1%80%D0%B5%D1%82_%D0%A4.%D0%9C.%D0%94%D0%BE%D1%81%D1%82%D0%BE%D0%B5%D0%B2%D1%81%D0%BA%D0%BE%D0%B3%D0%BE_-_Google_Art_Project.jpg" srcset="//upload.wikimedia.org/wikipedia/commons/thumb/7/78/Vasily_Perov_-_%D0%9F%D0%BE%D1%80%D1%82%D1%80%D0%B5%D1%82_%D0%A4.%D0%9C.%D0%94%D0%BE%D1%81%D1%82%D0%BE%D0%B5%D0%B2%D1%81%D0%BA%D0%BE%D0%B3%D0%BE_-_Google_Art_Project.jpg/360px-Vasily_Perov_-_%D0%9F%D0%BE%D1%80%D1%82%D1%80%D0%B5%D1%82_%D0%A4.%D0%9C.%D0%94%D0%BE%D1%81%D1%82%D0%BE%D0%B5%D0%B2%D1%81%D0%BA%D0%BE%D0%B3%D0%BE_-_Google_Art_Project.jpg 1.5x, //upload.wikimedia.org/wikipedia/commons/thumb/7/78/Vasily_Perov_-_%D0%9F%D0%BE%D1%80%D1%82%D1%80%D0%B5%D1%82_%D0%A4.%D0%9C.%D0%94%D0%BE%D1%81%D1%82%D0%BE%D0%B5%D0%B2%D1%81%D0%BA%D0%BE%D0%B3%D0%BE_-_Google_Art_Project.jpg/480px-Vasily_Perov_-_%D0%9F%D0%BE%D1%80%D1%82%D1%80%D0%B5%D1%82_%D0%A4.%D0%9C.%D0%94%D0%BE%D1%81%D1%82%D0%BE%D0%B5%D0%B2%D1%81%D0%BA%D0%BE%D0%B3%D0%BE_-_Google_Art_Project.jpg 2x" width="240"/></a><div class="infobox-caption" style="line-height:1.4em;"><i>Portrait of Fyodor Dostoyevsky</i> by <a href="/wiki/Vasily_Perov" title="Vasily Perov">Vasily Perov</a> <abbr title="circa">c.</abbr> 1872</div></td></tr><tr><th class="infobox-label" scope="row" style="line-height:1.2em; padding-right:0.65em;">Born</th><td class="infobox-data" style="line-height:1.4em;">Fyodor Mikhailovich Dostoevsky<br/><span style="display:none">(<span class="bday">1821-11-11</span>)</span>11 November 1821<br/><a href="/wiki/Moscow" title="Moscow">Moscow</a>, <a href="/wiki/Moskovsky_Uyezd" title="Moskovsky Uyezd">Moskovsky Uyezd</a>, <a href="/wiki/Moscow_Governorate" title="Moscow Governorate">Moscow Governorate</a>, <a href="/wiki/Russian_Empire" title="Russian Empire">Russian Empire</a></td></tr><tr><th class="infobox-label" scope="row" style="line-height:1.2em; padding-right:0.65em;">Died</th><td class="infobox-data" style="line-height:1.4em;">9 February 1881<span style="display:none">(1881-02-09)</span> (aged 59)<br/><a href="/wiki/Saint_Petersburg" title="Saint Petersburg">Saint Petersburg</a>, <a href="/wiki/Saint_Petersburg_Governorate" title="Saint Petersburg Governorate">Saint Petersburg Governorate</a>, Russian Empire</td></tr><tr><th class="infobox-label" scope="row" style="line-height:1.2em; padding-right:0.65em;">Occupation</th><td class="infobox-data role" style="line-height:1.4em;"><style data-mw-deduplicate="TemplateStyles:r1129693374">.mw-parser-output .hlist dl,.mw-parser-output .hlist ol,.mw-parser-output .hlist ul{margin:0;padding:0}.mw-parser-output .hlist dd,.mw-parser-output .hlist dt,.mw-parser-output .hlist li{margin:0;display:inline}.mw-parser-output .hlist.inline,.mw-parser-output .hlist.inline dl,.mw-parser-output .hlist.inline ol,.mw-parser-output .hlist.inline ul,.mw-parser-output .hlist dl dl,.mw-parser-output .hlist dl ol,.mw-parser-output .hlist dl ul,.mw-parser-output .hlist ol dl,.mw-parser-output .hlist ol ol,.mw-parser-output .hlist ol ul,.mw-parser-output .hlist ul dl,.mw-parser-output .hlist ul ol,.mw-parser-output .hlist ul ul{display:inline}.mw-parser-output .hlist .mw-empty-li{display:none}.mw-parser-output .hlist dt::after{content:": "}.mw-parser-output .hlist dd::after,.mw-parser-output .hlist li::after{content:" · ";font-weight:bold}.mw-parser-output .hlist dd:last-child::after,.mw-parser-output .hlist dt:last-child::after,.mw-parser-output .hlist li:last-child::after{content:none}.mw-parser-output .hlist dd dd:first-child::before,.mw-parser-output .hlist dd dt:first-child::before,.mw-parser-output .hlist dd li:first-child::before,.mw-parser-output .hlist dt dd:first-child::before,.mw-parser-output .hlist dt dt:first-child::before,.mw-parser-output .hlist dt li:first-child::before,.mw-parser-output .hlist li dd:first-child::before,.mw-parser-output .hlist li dt:first-child::before,.mw-parser-output .hlist li li:first-child::before{content:" (";font-weight:normal}.mw-parser-output .hlist dd dd:last-child::after,.mw-parser-output .hlist dd dt:last-child::after,.mw-parser-output .hlist dd li:last-child::after,.mw-parser-output .hlist dt dd:last-child::after,.mw-parser-output .hlist dt dt:last-child::after,.mw-parser-output .hlist dt li:last-child::after,.mw-parser-output .hlist li dd:last-child::after,.mw-parser-output .hlist li dt:last-child::after,.mw-parser-output .hlist li li:last-child::after{content:")";font-weight:normal}.mw-parser-output .hlist ol{counter-reset:listitem}.mw-parser-output .hlist ol>li{counter-increment:listitem}.mw-parser-output .hlist ol>li::before{content:" "counter(listitem)"\a0 "}.mw-parser-output .hlist dd ol>li:first-child::before,.mw-parser-output .hlist dt ol>li:first-child::before,.mw-parser-output .hlist li ol>li:first-child::before{content:" ("counter(listitem)"\a0 "}</style><div class="hlist">
<ul><li><a href="/wiki/Military_engineering" title="Military engineering">Military engineer</a></li>
<li>novelist</li>
<li>journalist</li></ul>
</div></td></tr><tr><th class="infobox-label" scope="row" style="line-height:1.2em; padding-right:0.65em;">Education</th><td class="infobox-data" style="line-height:1.4em;"><a href="/wiki/Military_Engineering-Technical_University" title="Military Engineering-Technical University">Military Engineering-Technical University</a></td></tr><tr><th class="infobox-label" scope="row" style="line-height:1.2em; padding-right:0.65em;">Genre</th><td class="infobox-data category" style="line-height:1.4em;"><link href="mw-data:TemplateStyles:r1129693374" rel="mw-deduplicated-inline-style"/><div class="hlist">
<ul><li>Novel</li>
<li>short story</li>
<li>journalism</li></ul>
</div></td></tr><tr><th class="infobox-label" scope="row" style="line-height:1.2em; padding-right:0.65em;">Literary movement</th><td class="infobox-data" style="line-height:1.4em;"><a href="/wiki/Literary_realism" title="Literary realism">Realism</a>, <a href="/wiki/Philosophy" title="Philosophy">Philosophy</a>, <a href="/wiki/Personality_psychology" title="Personality psychology">Personality psychology</a></td></tr><tr><th class="infobox-label" scope="row" style="line-height:1.2em; padding-right:0.65em;">Years active</th><td class="infobox-data" style="line-height:1.4em;">1844–1880</td></tr><tr><th class="infobox-label" scope="row" style="line-height:1.2em; padding-right:0.65em;">Notable works</th><td class="infobox-data" style="line-height:1.4em;"><style data-mw-deduplicate="TemplateStyles:r1126788409">.mw-parser-output .plainlist ol,.mw-parser-output .plainlist ul{line-height:inherit;list-style:none;margin:0;padding:0}.mw-parser-output .plainlist ol li,.mw-parser-output .plainlist ul li{margin-bottom:0}</style><div class="plainlist">
<ul><li><i><a href="/wiki/Notes_from_Underground" title="Notes from Underground">Notes from Underground</a></i> (1864)</li>
<li><i><a href="/wiki/Crime_and_Punishment" title="Crime and Punishment">Crime and Punishment</a></i> (1866)</li>
<li><i><a href="/wiki/The_Idiot" title="The Idiot">The Idiot</a></i> (1868–1869)</li>
<li><i><a href="/wiki/Demons_(Dostoevsky_novel)" title="Demons (Dostoevsky novel)">Demons</a></i> (1871–1872)</li>
<li><i><a href="/wiki/The_Brothers_Karamazov" title="The Brothers Karamazov">The Brothers Karamazov</a></i> (1879–1880)</li></ul>
</div></td></tr><tr><th class="infobox-label" scope="row" style="line-height:1.2em; padding-right:0.65em;">Spouse</th><td class="infobox-data" style="line-height:1.4em;"><link href="mw-data:TemplateStyles:r1126788409" rel="mw-deduplicated-inline-style"/><div class="plainlist">
<ul><li class="mw-empty-elt"></li></ul>
<div style="display:inline;white-space:nowrap;"><div style="display:inline-block;line-height:normal;margin-top:1px;white-space:normal;">Maria Dmitriyevna Isaeva</div>
<div style="line-height:0;margin-bottom:-2px;">​</div> <div style="display:inline-block;margin-bottom:1px;">​</div>(<abbr title="married">m.</abbr> <style data-mw-deduplicate="TemplateStyles:r1038841319">.mw-parser-output .tooltip-dotted{border-bottom:1px dotted;cursor:help}</style><span class="rt-commentedText tooltip" title="7 February 1857">1857</span>; died <link href="mw-data:TemplateStyles:r1038841319" rel="mw-deduplicated-inline-style"/><span class="rt-commentedText tooltip" title="27 April 1864">1864</span>)<wbr/>​</div>
<ul><li class="mw-empty-elt"></li></ul>
<div style="display:inline;white-space:nowrap;"><div style="display:inline-block;line-height:normal;margin-top:1px;white-space:normal;"><a class="mw-redirect" href="/wiki/Anna_Grigoryevna_Snitkina" title="Anna Grigoryevna Snitkina">Anna Grigoryevna Snitkina</a></div>
<div style="line-height:0;margin-bottom:-2px;">​</div> <div style="display:inline-block;margin-bottom:1px;">​</div>(<abbr title="married">m.</abbr> <link href="mw-data:TemplateStyles:r1038841319" rel="mw-deduplicated-inline-style"/><span class="rt-commentedText tooltip" title="15 February 1867">1867</span>)<wbr/>​</div>
</div></td></tr><tr><th class="infobox-label" scope="row" style="line-height:1.2em; padding-right:0.65em;">Children</th><td class="infobox-data" style="line-height:1.4em;">4, including <a href="/wiki/Lyubov_Dostoevskaya" title="Lyubov Dostoevskaya">Lyubov Dostoevskaya</a></td></tr><tr><th class="infobox-header" colspan="2">Signature</th></tr><tr><td class="infobox-full-data" colspan="2" style="line-height:1.4em;"><a class="image" href="/wiki/File:Fyodor_Dostoyevsky_Signature.svg"><img alt="Fyodor Dostoyevsky Signature.svg" data-file-height="101" data-file-width="567" decoding="async" height="27" src="//upload.wikimedia.org/wikipedia/commons/thumb/b/bc/Fyodor_Dostoyevsky_Signature.svg/150px-Fyodor_Dostoyevsky_Signature.svg.png" srcset="//upload.wikimedia.org/wikipedia/commons/thumb/b/bc/Fyodor_Dostoyevsky_Signature.svg/225px-Fyodor_Dostoyevsky_Signature.svg.png 1.5x, //upload.wikimedia.org/wikipedia/commons/thumb/b/bc/Fyodor_Dostoyevsky_Signature.svg/300px-Fyodor_Dostoyevsky_Signature.svg.png 2x" width="150"/></a></td></tr></tbody></table></body></html>