<html><head><meta charset="utf-8"><style>element.style {
     width: 27em;
 }
 .infobox {
     border: 1px solid #a2a9b1;
     background: #f8f9fa;
     margin-bottom: 0.5em;
     margin-left: 1em;
     padding: 0.4em;
     float: left;
     clear: right;
     font-size: 90%;
     width: 23em;
     vertical-align: middle;
     text-align: left;
     line-height: 1.5em;
     border-collapse: separate;
     border-spacing: 2px;
 }
 .infobox-header {
     background: #dcebff;
     text-align: center;
 }
 .infobox-below {
     background: #dcebff;
     text-align: center;
 }
 .infobox-above {
     background: #dcebff;
     text-align: center;
 }
 infobox .infobox-header, .infobox .infobox-subheader, .infobox .infobox-image, .infobox .infobox-full-data, .infobox .infobox-below {
     text-align: center;
 }
 table {
     font-size: 100%;
 }
 user agent stylesheet
 table {
     display: table;
     border-collapse: separate;
     box-sizing: border-box;
     text-indent: initial;
     border-spacing: 2px;
     border-color: grey;
 }
 .mw-content-ltr {
     direction: ltr;
 }
 .vector-body {
     font-size: 0.875em;
     font-size: calc(1em * 0.875);
     line-height: 1.6;
 }
 .mw-body, .parsoid-body {
     background-color: #ffffff;
     color: #202122;
     direction: ltr;
     padding: 1em;
 }
 html, body {
     font-family: sans-serif;
 }
 html {
     font-size: 100%;
 
 }</style></head><body><table class="infobox biography vcard"><tbody><tr><th class="infobox-above" colspan="2" style="font-size:125%;"><div class="fn" style="display:inline">Ella Fitzgerald</div></th></tr><tr><td class="infobox-image" colspan="2"><a class="image" href="/wiki/File:Ella_Fitzgerald_1962.JPG"><img alt="Ella Fitzgerald 1962.JPG" data-file-height="945" data-file-width="752" decoding="async" height="276" src="//upload.wikimedia.org/wikipedia/commons/thumb/6/65/Ella_Fitzgerald_1962.JPG/220px-Ella_Fitzgerald_1962.JPG" srcset="//upload.wikimedia.org/wikipedia/commons/thumb/6/65/Ella_Fitzgerald_1962.JPG/330px-Ella_Fitzgerald_1962.JPG 1.5x, //upload.wikimedia.org/wikipedia/commons/thumb/6/65/Ella_Fitzgerald_1962.JPG/440px-Ella_Fitzgerald_1962.JPG 2x" width="220"/></a><div class="infobox-caption">Fitzgerald, <abbr title="circa">c.</abbr> 1962</div></td></tr><tr><th class="infobox-label" scope="row">Born</th><td class="infobox-data"><div class="nickname" style="display:inline">Ella Jane Fitzgerald</div><br/><span style="display:none">(<span class="bday">1917-04-25</span>)</span>April 25, 1917<br/><div class="birthplace" style="display:inline"><a href="/wiki/Newport_News,_Virginia" title="Newport News, Virginia">Newport News, Virginia</a>, U.S.</div></td></tr><tr><th class="infobox-label" scope="row">Died</th><td class="infobox-data">June 15, 1996<span style="display:none">(1996-06-15)</span> (aged 79)<br/><div class="deathplace" style="display:inline"><a href="/wiki/Beverly_Hills,_California" title="Beverly Hills, California">Beverly Hills, California</a>, U.S.</div></td></tr><tr><th class="infobox-label" scope="row">Resting place</th><td class="infobox-data label"><a href="/wiki/Inglewood_Park_Cemetery" title="Inglewood Park Cemetery">Inglewood Park Cemetery</a></td></tr><tr><th class="infobox-label" scope="row">Occupation</th><td class="infobox-data role">Singer</td></tr><tr><th class="infobox-label" scope="row">Spouses</th><td class="infobox-data"><style data-mw-deduplicate="TemplateStyles:r1126788409">.mw-parser-output .plainlist ol,.mw-parser-output .plainlist ul{line-height:inherit;list-style:none;margin:0;padding:0}.mw-parser-output .plainlist ol li,.mw-parser-output .plainlist ul li{margin-bottom:0}</style><div class="plainlist"><ul><li><div style="display:inline;white-space:nowrap;"><div style="display:inline-block;line-height:normal;margin-top:1px;white-space:normal;">Benny Kornegay</div>
<div style="line-height:0;margin-bottom:-2px;">​</div> <div style="display:inline-block;margin-bottom:1px;">​</div>(<abbr title="married">m.</abbr> 1941; annulled 1942)<wbr/>​</div></li><li><div style="display:inline;white-space:nowrap;"><div style="display:inline-block;line-height:normal;margin-top:1px;white-space:normal;"><a href="/wiki/Ray_Brown_(musician)" title="Ray Brown (musician)">Ray Brown</a></div>
<div style="line-height:0;margin-bottom:-2px;">​</div> <div style="display:inline-block;margin-bottom:1px;">​</div>(<abbr title="married">m.</abbr> 1947; <abbr title="divorced">div.</abbr> 1953)<wbr/>​</div></li></ul></div></td></tr><tr><th class="infobox-label" scope="row">Children</th><td class="infobox-data"><a href="/wiki/Ray_Brown_Jr." title="Ray Brown Jr.">Ray Brown Jr.</a></td></tr><tr><td class="infobox-full-data" colspan="2"><link href="mw-data:TemplateStyles:r1066479718" rel="mw-deduplicated-inline-style"/><b>Musical career</b></td></tr><tr><th class="infobox-label" scope="row">Genres</th><td class="infobox-data"><style data-mw-deduplicate="TemplateStyles:r1129693374">.mw-parser-output .hlist dl,.mw-parser-output .hlist ol,.mw-parser-output .hlist ul{margin:0;padding:0}.mw-parser-output .hlist dd,.mw-parser-output .hlist dt,.mw-parser-output .hlist li{margin:0;display:inline}.mw-parser-output .hlist.inline,.mw-parser-output .hlist.inline dl,.mw-parser-output .hlist.inline ol,.mw-parser-output .hlist.inline ul,.mw-parser-output .hlist dl dl,.mw-parser-output .hlist dl ol,.mw-parser-output .hlist dl ul,.mw-parser-output .hlist ol dl,.mw-parser-output .hlist ol ol,.mw-parser-output .hlist ol ul,.mw-parser-output .hlist ul dl,.mw-parser-output .hlist ul ol,.mw-parser-output .hlist ul ul{display:inline}.mw-parser-output .hlist .mw-empty-li{display:none}.mw-parser-output .hlist dt::after{content:": "}.mw-parser-output .hlist dd::after,.mw-parser-output .hlist li::after{content:" · ";font-weight:bold}.mw-parser-output .hlist dd:last-child::after,.mw-parser-output .hlist dt:last-child::after,.mw-parser-output .hlist li:last-child::after{content:none}.mw-parser-output .hlist dd dd:first-child::before,.mw-parser-output .hlist dd dt:first-child::before,.mw-parser-output .hlist dd li:first-child::before,.mw-parser-output .hlist dt dd:first-child::before,.mw-parser-output .hlist dt dt:first-child::before,.mw-parser-output .hlist dt li:first-child::before,.mw-parser-output .hlist li dd:first-child::before,.mw-parser-output .hlist li dt:first-child::before,.mw-parser-output .hlist li li:first-child::before{content:" (";font-weight:normal}.mw-parser-output .hlist dd dd:last-child::after,.mw-parser-output .hlist dd dt:last-child::after,.mw-parser-output .hlist dd li:last-child::after,.mw-parser-output .hlist dt dd:last-child::after,.mw-parser-output .hlist dt dt:last-child::after,.mw-parser-output .hlist dt li:last-child::after,.mw-parser-output .hlist li dd:last-child::after,.mw-parser-output .hlist li dt:last-child::after,.mw-parser-output .hlist li li:last-child::after{content:")";font-weight:normal}.mw-parser-output .hlist ol{counter-reset:listitem}.mw-parser-output .hlist ol>li{counter-increment:listitem}.mw-parser-output .hlist ol>li::before{content:" "counter(listitem)"\a0 "}.mw-parser-output .hlist dd ol>li:first-child::before,.mw-parser-output .hlist dt ol>li:first-child::before,.mw-parser-output .hlist li ol>li:first-child::before{content:" ("counter(listitem)"\a0 "}</style><div class="hlist">
<ul><li><a href="/wiki/Jazz" title="Jazz">Jazz</a></li>
<li><a href="/wiki/Swing_music" title="Swing music">swing</a></li>
<li><a href="/wiki/Bebop" title="Bebop">bebop</a></li>
<li><a href="/wiki/Traditional_pop" title="Traditional pop">traditional pop</a></li>
<li><a href="/wiki/Blues" title="Blues">blues</a></li>
<li><a href="/wiki/Soul_music" title="Soul music">soul</a></li>
<li><a href="/wiki/Doo-wop" title="Doo-wop">doo-wop</a></li>
<li><a href="/wiki/Post-bop" title="Post-bop">post-bop</a></li>
<li><a href="/wiki/Rock_and_roll" title="Rock and roll">rock and roll</a></li></ul>
</div></td></tr><tr><th class="infobox-label" scope="row">Instrument(s)</th><td class="infobox-data note">Vocals</td></tr><tr><th class="infobox-label" scope="row"><span class="nowrap">Years active</span></th><td class="infobox-data">1929–1995</td></tr><tr><th class="infobox-label" scope="row">Labels</th><td class="infobox-data"><link href="mw-data:TemplateStyles:r1129693374" rel="mw-deduplicated-inline-style"/><div class="hlist">
<ul><li><a href="/wiki/Decca_Records" title="Decca Records">Decca</a></li>
<li><a href="/wiki/Verve_Records" title="Verve Records">Verve</a></li>
<li><a href="/wiki/Capitol_Records" title="Capitol Records">Capitol</a></li>
<li><a href="/wiki/Reprise_Records" title="Reprise Records">Reprise</a></li>
<li><a href="/wiki/Pablo_Records" title="Pablo Records">Pablo</a></li></ul>
</div></td></tr><tr><th class="infobox-label" scope="row">Website</th><td class="infobox-data"><span class="url"><a class="external text" href="http://ellafitzgerald.com" rel="nofollow">ellafitzgerald<wbr/>.com</a></span></td></tr><tr><td colspan="2">
<div class="shortdescription nomobile noexcerpt noprint searchaux" style="display:none">Musical artist</div></td></tr></tbody></table></body></html>